// Jest Snapshot v1, https://jestjs.io/docs/snapshot-testing

exports[`T-SQL Parser should build AST for a basic SELECT 1`] = `
{
  "body": [
    {
      "columns": [
        {
          "alias": undefined,
          "expression": {
            "name": "Name",
            "tablePrefix": undefined,
            "type": "Identifier",
          },
          "name": "Name",
          "tablePrefix": undefined,
          "type": "Column",
        },
        {
          "alias": undefined,
          "expression": {
            "name": "Age",
            "tablePrefix": undefined,
            "type": "Identifier",
          },
          "name": "Age",
          "tablePrefix": undefined,
          "type": "Column",
        },
      ],
      "distinct": false,
      "from": {
        "alias": undefined,
        "joins": [],
        "table": "Users",
      },
      "groupBy": null,
      "having": null,
      "orderBy": null,
      "top": null,
      "type": "SelectStatement",
      "where": {
        "left": {
          "name": "Id",
          "tablePrefix": undefined,
          "type": "Identifier",
        },
        "operator": "=",
        "right": {
          "type": "Literal",
          "value": 1,
          "variant": "number",
        },
        "type": "BinaryExpression",
      },
    },
  ],
  "type": "Program",
}
`;
